[INFO] Scanning for projects...
[INFO] 
[INFO] -------------------------< dev.ace:VirtualKit >-------------------------
[INFO] Building VirtualKit 2.0.0
[INFO]   from pom.xml
[INFO] --------------------------------[ jar ]---------------------------------
Downloading from papermc-repo: https://papermc.io/repo/repository/maven-public/org/spigotmc/spigot-api/1.19-R0.1-SNAPSHOT/maven-metadata.xml
[WARNING] Could not transfer metadata org.spigotmc:spigot-api:1.19-R0.1-SNAPSHOT/maven-metadata.xml from/to papermc-repo (https://papermc.io/repo/repository/maven-public/): status code: 403, reason phrase: Forbidden (403)
[WARNING] org.spigotmc:spigot-api:1.19-R0.1-SNAPSHOT/maven-metadata.xml failed to transfer from https://papermc.io/repo/repository/maven-public/ during a previous attempt. This failure was cached in the local repository and resolution will not be reattempted until the update interval of papermc-repo has elapsed or updates are forced. Original error: Could not transfer metadata org.spigotmc:spigot-api:1.19-R0.1-SNAPSHOT/maven-metadata.xml from/to papermc-repo (https://papermc.io/repo/repository/maven-public/): status code: 403, reason phrase: Forbidden (403)
[INFO] 
[INFO] --- clean:3.2.0:clean (default-clean) @ VirtualKit ---
[INFO] Deleting C:\Users\joeal\Downloads\VirtualKits\target
[INFO] 
[INFO] --- resources:3.3.1:resources (default-resources) @ VirtualKit ---
[INFO] Copying 9 resources from src\main\resources to target\classes
[INFO] The encoding used to copy filtered properties files have not been set. This means that the same encoding will be used to copy filtered properties files as when copying other filtered resources. This might not be what you want! Run your build with --debug to see which files might be affected. Read more at https://maven.apache.org/plugins/maven-resources-plugin/examples/filtering-properties-files.html
[INFO] 
[INFO] --- resources:3.3.1:resources (process-resources) @ VirtualKit ---
[INFO] Copying 9 resources from src\main\resources to target\classes
[INFO] The encoding used to copy filtered properties files have not been set. This means that the same encoding will be used to copy filtered properties files as when copying other filtered resources. This might not be what you want! Run your build with --debug to see which files might be affected. Read more at https://maven.apache.org/plugins/maven-resources-plugin/examples/filtering-properties-files.html
[INFO] 
[INFO] --- compiler:3.13.0:compile (default-compile) @ VirtualKit ---
[INFO] Recompiling the module because of changed source code.
[INFO] Compiling 64 source files with javac [debug target 17] to target\classes
[INFO] -------------------------------------------------------------
[WARNING] COMPILATION WARNING : 
[INFO] -------------------------------------------------------------
[WARNING] system modules path not set in conjunction with -source 17
[INFO] 1 warning
[INFO] -------------------------------------------------------------
[INFO] -------------------------------------------------------------
[ERROR] COMPILATION ERROR : 
[INFO] -------------------------------------------------------------
[ERROR] /C:/Users/joeal/Downloads/VirtualKits/src/main/java/dev/ace/virtualkit/commands/PerPlayerKitCommand.java:[33,8] class VirtualKitsCommand is public, should be declared in a file named VirtualKitsCommand.java
[ERROR] /C:/Users/joeal/Downloads/VirtualKits/src/main/java/dev/ace/virtualkit/commands/InspectEcCommand.java:[43,44] package dev.noah.VirtualKits.commands does not exist
[ERROR] /C:/Users/joeal/Downloads/VirtualKits/src/main/java/dev/ace/virtualkit/commands/InspectKitCommand.java:[43,44] package dev.noah.VirtualKits.commands does not exist
[ERROR] /C:/Users/joeal/Downloads/VirtualKits/src/main/java/dev/ace/virtualkit/gui/GUI.java:[43,39] package dev.noah.VirtualKits.gui does not exist
[ERROR] /C:/Users/joeal/Downloads/VirtualKits/src/main/java/dev/ace/virtualkit/gui/GUI.java:[43,1] static import only from classes and interfaces
[ERROR] /C:/Users/joeal/Downloads/VirtualKits/src/main/java/dev/ace/virtualkit/gui/GUI.java:[44,39] package dev.noah.VirtualKits.gui does not exist
[ERROR] /C:/Users/joeal/Downloads/VirtualKits/src/main/java/dev/ace/virtualkit/gui/GUI.java:[44,1] static import only from classes and interfaces
[ERROR] /C:/Users/joeal/Downloads/VirtualKits/src/main/java/dev/ace/virtualkit/gui/GUI.java:[45,39] package dev.noah.VirtualKits.gui does not exist
[ERROR] /C:/Users/joeal/Downloads/VirtualKits/src/main/java/dev/ace/virtualkit/gui/GUI.java:[45,1] static import only from classes and interfaces
[ERROR] /C:/Users/joeal/Downloads/VirtualKits/src/main/java/dev/ace/virtualkit/commands/InspectEcCommand.java:[56,32] cannot find symbol
  symbol:   variable ERROR_PREFIX
  location: class dev.ace.virtualkit.commands.InspectEcCommand
[ERROR] /C:/Users/joeal/Downloads/VirtualKits/src/main/java/dev/ace/virtualkit/commands/InspectEcCommand.java:[57,21] cannot find symbol
  symbol:   variable mm
  location: class dev.ace.virtualkit.commands.InspectEcCommand
[ERROR] /C:/Users/joeal/Downloads/VirtualKits/src/main/java/dev/ace/virtualkit/commands/InspectEcCommand.java:[63,21] cannot find symbol
  symbol:   variable ERROR_PREFIX
  location: class dev.ace.virtualkit.commands.InspectEcCommand
[ERROR] /C:/Users/joeal/Downloads/VirtualKits/src/main/java/dev/ace/virtualkit/commands/InspectEcCommand.java:[64,29] cannot find symbol
  symbol:   variable mm
  location: class dev.ace.virtualkit.commands.InspectEcCommand
[ERROR] /C:/Users/joeal/Downloads/VirtualKits/src/main/java/dev/ace/virtualkit/commands/InspectEcCommand.java:[70,13] cannot find symbol
  symbol:   method showUsage(org.bukkit.entity.Player,java.lang.String)
  location: class dev.ace.virtualkit.commands.InspectEcCommand
[ERROR] /C:/Users/joeal/Downloads/VirtualKits/src/main/java/dev/ace/virtualkit/commands/InspectEcCommand.java:[78,24] cannot find symbol
  symbol:   variable MIN_SLOT
  location: class dev.ace.virtualkit.commands.InspectEcCommand
[ERROR] /C:/Users/joeal/Downloads/VirtualKits/src/main/java/dev/ace/virtualkit/commands/InspectEcCommand.java:[78,43] cannot find symbol
  symbol:   variable MAX_SLOT
  location: class dev.ace.virtualkit.commands.InspectEcCommand
[ERROR] /C:/Users/joeal/Downloads/VirtualKits/src/main/java/dev/ace/virtualkit/commands/InspectEcCommand.java:[83,21] cannot find symbol
  symbol:   variable ERROR_PREFIX
  location: class dev.ace.virtualkit.commands.InspectEcCommand
[ERROR] /C:/Users/joeal/Downloads/VirtualKits/src/main/java/dev/ace/virtualkit/commands/InspectEcCommand.java:[85,37] cannot find symbol
  symbol:   variable MIN_SLOT
  location: class dev.ace.virtualkit.commands.InspectEcCommand
[ERROR] /C:/Users/joeal/Downloads/VirtualKits/src/main/java/dev/ace/virtualkit/commands/InspectEcCommand.java:[85,58] cannot find symbol
  symbol:   variable MAX_SLOT
  location: class dev.ace.virtualkit.commands.InspectEcCommand
[ERROR] /C:/Users/joeal/Downloads/VirtualKits/src/main/java/dev/ace/virtualkit/commands/InspectEcCommand.java:[84,29] cannot find symbol
  symbol:   variable mm
  location: class dev.ace.virtualkit.commands.InspectEcCommand
[ERROR] /C:/Users/joeal/Downloads/VirtualKits/src/main/java/dev/ace/virtualkit/commands/InspectEcCommand.java:[91,42] cannot find symbol
  symbol:   method resolvePlayerIdentifierAsync(@org.jetbrains.annotations.NotNull java.lang.String)
  location: class dev.ace.virtualkit.commands.InspectEcCommand
[ERROR] /C:/Users/joeal/Downloads/VirtualKits/src/main/java/dev/ace/virtualkit/commands/InspectEcCommand.java:[97,37] cannot find symbol
  symbol:   variable ERROR_PREFIX
  location: class dev.ace.virtualkit.commands.InspectEcCommand
[ERROR] /C:/Users/joeal/Downloads/VirtualKits/src/main/java/dev/ace/virtualkit/commands/InspectEcCommand.java:[98,45] cannot find symbol
  symbol:   variable mm
  location: class dev.ace.virtualkit.commands.InspectEcCommand
[ERROR] /C:/Users/joeal/Downloads/VirtualKits/src/main/java/dev/ace/virtualkit/commands/InspectEcCommand.java:[123,41] cannot find symbol
  symbol:   variable ERROR_PREFIX
  location: class dev.ace.virtualkit.commands.InspectEcCommand
[ERROR] /C:/Users/joeal/Downloads/VirtualKits/src/main/java/dev/ace/virtualkit/commands/InspectEcCommand.java:[124,49] cannot find symbol
  symbol:   variable mm
  location: class dev.ace.virtualkit.commands.InspectEcCommand
[ERROR] /C:/Users/joeal/Downloads/VirtualKits/src/main/java/dev/ace/virtualkit/commands/InspectEcCommand.java:[137,25] cannot find symbol
  symbol:   variable ERROR_PREFIX
  location: class dev.ace.virtualkit.commands.InspectEcCommand
[ERROR] /C:/Users/joeal/Downloads/VirtualKits/src/main/java/dev/ace/virtualkit/commands/InspectEcCommand.java:[138,33] cannot find symbol
  symbol:   variable mm
  location: class dev.ace.virtualkit.commands.InspectEcCommand
[ERROR] /C:/Users/joeal/Downloads/VirtualKits/src/main/java/dev/ace/virtualkit/commands/InspectEcCommand.java:[172,42] cannot find symbol
  symbol:   variable MIN_SLOT
  location: class dev.ace.virtualkit.commands.InspectEcCommand
[ERROR] /C:/Users/joeal/Downloads/VirtualKits/src/main/java/dev/ace/virtualkit/commands/InspectEcCommand.java:[172,52] cannot find symbol
  symbol:   variable MAX_SLOT
  location: class dev.ace.virtualkit.commands.InspectEcCommand
[ERROR] /C:/Users/joeal/Downloads/VirtualKits/src/main/java/dev/ace/virtualkit/commands/InspectKitCommand.java:[56,32] cannot find symbol
  symbol:   variable ERROR_PREFIX
  location: class dev.ace.virtualkit.commands.InspectKitCommand
[ERROR] /C:/Users/joeal/Downloads/VirtualKits/src/main/java/dev/ace/virtualkit/commands/InspectKitCommand.java:[57,21] cannot find symbol
  symbol:   variable mm
  location: class dev.ace.virtualkit.commands.InspectKitCommand
[ERROR] /C:/Users/joeal/Downloads/VirtualKits/src/main/java/dev/ace/virtualkit/commands/InspectKitCommand.java:[63,21] cannot find symbol
  symbol:   variable ERROR_PREFIX
  location: class dev.ace.virtualkit.commands.InspectKitCommand
[ERROR] /C:/Users/joeal/Downloads/VirtualKits/src/main/java/dev/ace/virtualkit/commands/InspectKitCommand.java:[64,29] cannot find symbol
  symbol:   variable mm
  location: class dev.ace.virtualkit.commands.InspectKitCommand
[ERROR] /C:/Users/joeal/Downloads/VirtualKits/src/main/java/dev/ace/virtualkit/commands/InspectKitCommand.java:[70,13] cannot find symbol
  symbol:   method showUsage(org.bukkit.entity.Player,java.lang.String)
  location: class dev.ace.virtualkit.commands.InspectKitCommand
[ERROR] /C:/Users/joeal/Downloads/VirtualKits/src/main/java/dev/ace/virtualkit/commands/InspectKitCommand.java:[78,24] cannot find symbol
  symbol:   variable MIN_SLOT
  location: class dev.ace.virtualkit.commands.InspectKitCommand
[ERROR] /C:/Users/joeal/Downloads/VirtualKits/src/main/java/dev/ace/virtualkit/commands/InspectKitCommand.java:[78,43] cannot find symbol
  symbol:   variable MAX_SLOT
  location: class dev.ace.virtualkit.commands.InspectKitCommand
[ERROR] /C:/Users/joeal/Downloads/VirtualKits/src/main/java/dev/ace/virtualkit/commands/InspectKitCommand.java:[83,21] cannot find symbol
  symbol:   variable ERROR_PREFIX
  location: class dev.ace.virtualkit.commands.InspectKitCommand
[ERROR] /C:/Users/joeal/Downloads/VirtualKits/src/main/java/dev/ace/virtualkit/commands/InspectKitCommand.java:[85,37] cannot find symbol
  symbol:   variable MIN_SLOT
  location: class dev.ace.virtualkit.commands.InspectKitCommand
[ERROR] /C:/Users/joeal/Downloads/VirtualKits/src/main/java/dev/ace/virtualkit/commands/InspectKitCommand.java:[85,58] cannot find symbol
  symbol:   variable MAX_SLOT
  location: class dev.ace.virtualkit.commands.InspectKitCommand
[ERROR] /C:/Users/joeal/Downloads/VirtualKits/src/main/java/dev/ace/virtualkit/commands/InspectKitCommand.java:[84,29] cannot find symbol
  symbol:   variable mm
  location: class dev.ace.virtualkit.commands.InspectKitCommand
[ERROR] /C:/Users/joeal/Downloads/VirtualKits/src/main/java/dev/ace/virtualkit/commands/InspectKitCommand.java:[91,42] cannot find symbol
  symbol:   method resolvePlayerIdentifierAsync(@org.jetbrains.annotations.NotNull java.lang.String)
  location: class dev.ace.virtualkit.commands.InspectKitCommand
[ERROR] /C:/Users/joeal/Downloads/VirtualKits/src/main/java/dev/ace/virtualkit/commands/InspectKitCommand.java:[97,37] cannot find symbol
  symbol:   variable ERROR_PREFIX
  location: class dev.ace.virtualkit.commands.InspectKitCommand
[ERROR] /C:/Users/joeal/Downloads/VirtualKits/src/main/java/dev/ace/virtualkit/commands/InspectKitCommand.java:[98,45] cannot find symbol
  symbol:   variable mm
  location: class dev.ace.virtualkit.commands.InspectKitCommand
[ERROR] /C:/Users/joeal/Downloads/VirtualKits/src/main/java/dev/ace/virtualkit/commands/InspectKitCommand.java:[123,41] cannot find symbol
  symbol:   variable ERROR_PREFIX
  location: class dev.ace.virtualkit.commands.InspectKitCommand
[ERROR] /C:/Users/joeal/Downloads/VirtualKits/src/main/java/dev/ace/virtualkit/commands/InspectKitCommand.java:[124,49] cannot find symbol
  symbol:   variable mm
  location: class dev.ace.virtualkit.commands.InspectKitCommand
[ERROR] /C:/Users/joeal/Downloads/VirtualKits/src/main/java/dev/ace/virtualkit/commands/InspectKitCommand.java:[137,25] cannot find symbol
  symbol:   variable ERROR_PREFIX
  location: class dev.ace.virtualkit.commands.InspectKitCommand
[ERROR] /C:/Users/joeal/Downloads/VirtualKits/src/main/java/dev/ace/virtualkit/commands/InspectKitCommand.java:[138,33] cannot find symbol
  symbol:   variable mm
  location: class dev.ace.virtualkit.commands.InspectKitCommand
[ERROR] /C:/Users/joeal/Downloads/VirtualKits/src/main/java/dev/ace/virtualkit/commands/InspectKitCommand.java:[178,42] cannot find symbol
  symbol:   variable MIN_SLOT
  location: class dev.ace.virtualkit.commands.InspectKitCommand
[ERROR] /C:/Users/joeal/Downloads/VirtualKits/src/main/java/dev/ace/virtualkit/commands/InspectKitCommand.java:[178,52] cannot find symbol
  symbol:   variable MAX_SLOT
  location: class dev.ace.virtualkit.commands.InspectKitCommand
[ERROR] /C:/Users/joeal/Downloads/VirtualKits/src/main/java/dev/ace/virtualkit/gui/GUI.java:[98,34] cannot find symbol
  symbol:   method createItem(org.bukkit.Material,int,java.lang.String)
  location: class dev.ace.virtualkit.gui.GUI
[ERROR] /C:/Users/joeal/Downloads/VirtualKits/src/main/java/dev/ace/virtualkit/gui/GUI.java:[99,34] cannot find symbol
  symbol:   method createItem(org.bukkit.Material,int,java.lang.String)
  location: class dev.ace.virtualkit.gui.GUI
[ERROR] /C:/Users/joeal/Downloads/VirtualKits/src/main/java/dev/ace/virtualkit/gui/GUI.java:[100,34] cannot find symbol
  symbol:   method createItem(org.bukkit.Material,int,java.lang.String)
  location: class dev.ace.virtualkit.gui.GUI
[ERROR] /C:/Users/joeal/Downloads/VirtualKits/src/main/java/dev/ace/virtualkit/gui/GUI.java:[101,34] cannot find symbol
  symbol:   method createItem(org.bukkit.Material,int,java.lang.String)
  location: class dev.ace.virtualkit.gui.GUI
[ERROR] /C:/Users/joeal/Downloads/VirtualKits/src/main/java/dev/ace/virtualkit/gui/GUI.java:[102,34] cannot find symbol
  symbol:   method createItem(org.bukkit.Material,int,java.lang.String)
  location: class dev.ace.virtualkit.gui.GUI
[ERROR] /C:/Users/joeal/Downloads/VirtualKits/src/main/java/dev/ace/virtualkit/gui/GUI.java:[106,26] cannot find symbol
  symbol:   method createItem(org.bukkit.Material,int,java.lang.String,importLore[...]g[0]))
  location: class dev.ace.virtualkit.gui.GUI
[ERROR] /C:/Users/joeal/Downloads/VirtualKits/src/main/java/dev/ace/virtualkit/gui/GUI.java:[112,26] cannot find symbol
  symbol:   method createItem(org.bukkit.Material,int,java.lang.String,clearLore.[...]g[0]))
  location: class dev.ace.virtualkit.gui.GUI
[ERROR] /C:/Users/joeal/Downloads/VirtualKits/src/main/java/dev/ace/virtualkit/gui/GUI.java:[117,26] cannot find symbol
  symbol:   method createItem(org.bukkit.Material,int,java.lang.String)
  location: class dev.ace.virtualkit.gui.GUI
[ERROR] /C:/Users/joeal/Downloads/VirtualKits/src/main/java/dev/ace/virtualkit/gui/GUI.java:[142,34] cannot find symbol
  symbol:   method createItem(org.bukkit.Material,int,java.lang.String)
  location: class dev.ace.virtualkit.gui.GUI
[ERROR] /C:/Users/joeal/Downloads/VirtualKits/src/main/java/dev/ace/virtualkit/gui/GUI.java:[143,34] cannot find symbol
  symbol:   method createItem(org.bukkit.Material,int,java.lang.String)
  location: class dev.ace.virtualkit.gui.GUI
[ERROR] /C:/Users/joeal/Downloads/VirtualKits/src/main/java/dev/ace/virtualkit/gui/GUI.java:[144,34] cannot find symbol
  symbol:   method createItem(org.bukkit.Material,int,java.lang.String)
  location: class dev.ace.virtualkit.gui.GUI
[ERROR] /C:/Users/joeal/Downloads/VirtualKits/src/main/java/dev/ace/virtualkit/gui/GUI.java:[145,34] cannot find symbol
  symbol:   method createItem(org.bukkit.Material,int,java.lang.String)
  location: class dev.ace.virtualkit.gui.GUI
[ERROR] /C:/Users/joeal/Downloads/VirtualKits/src/main/java/dev/ace/virtualkit/gui/GUI.java:[146,34] cannot find symbol
  symbol:   method createItem(org.bukkit.Material,int,java.lang.String)
  location: class dev.ace.virtualkit.gui.GUI
[ERROR] /C:/Users/joeal/Downloads/VirtualKits/src/main/java/dev/ace/virtualkit/gui/GUI.java:[150,26] cannot find symbol
  symbol:   method createItem(org.bukkit.Material,int,java.lang.String,importLore[...]g[0]))
  location: class dev.ace.virtualkit.gui.GUI
[ERROR] /C:/Users/joeal/Downloads/VirtualKits/src/main/java/dev/ace/virtualkit/gui/GUI.java:[156,26] cannot find symbol
  symbol:   method createItem(org.bukkit.Material,int,java.lang.String,clearLore.[...]g[0]))
  location: class dev.ace.virtualkit.gui.GUI
[ERROR] /C:/Users/joeal/Downloads/VirtualKits/src/main/java/dev/ace/virtualkit/gui/GUI.java:[161,26] cannot find symbol
  symbol:   method createItem(org.bukkit.Material,int,java.lang.String)
  location: class dev.ace.virtualkit.gui.GUI
[ERROR] /C:/Users/joeal/Downloads/VirtualKits/src/main/java/dev/ace/virtualkit/gui/GUI.java:[191,26] cannot find symbol
  symbol:   method createItem(org.bukkit.Material,int,java.lang.String,importEcLo[...]g[0]))
  location: class dev.ace.virtualkit.gui.GUI
[ERROR] /C:/Users/joeal/Downloads/VirtualKits/src/main/java/dev/ace/virtualkit/gui/GUI.java:[198,26] cannot find symbol
  symbol:   method createItem(org.bukkit.Material,int,java.lang.String,clearLore.[...]g[0]))
  location: class dev.ace.virtualkit.gui.GUI
[ERROR] /C:/Users/joeal/Downloads/VirtualKits/src/main/java/dev/ace/virtualkit/gui/GUI.java:[203,26] cannot find symbol
  symbol:   method createItem(org.bukkit.Material,int,java.lang.String)
  location: class dev.ace.virtualkit.gui.GUI
[ERROR] /C:/Users/joeal/Downloads/VirtualKits/src/main/java/dev/ace/virtualkit/gui/GUI.java:[225,34] cannot find symbol
  symbol:   method createItem(org.bukkit.Material,int,java.lang.String)
  location: class dev.ace.virtualkit.gui.GUI
[ERROR] /C:/Users/joeal/Downloads/VirtualKits/src/main/java/dev/ace/virtualkit/gui/GUI.java:[226,34] cannot find symbol
  symbol:   method createItem(org.bukkit.Material,int,java.lang.String)
  location: class dev.ace.virtualkit.gui.GUI
[ERROR] /C:/Users/joeal/Downloads/VirtualKits/src/main/java/dev/ace/virtualkit/gui/GUI.java:[227,34] cannot find symbol
  symbol:   method createItem(org.bukkit.Material,int,java.lang.String)
  location: class dev.ace.virtualkit.gui.GUI
[ERROR] /C:/Users/joeal/Downloads/VirtualKits/src/main/java/dev/ace/virtualkit/gui/GUI.java:[228,34] cannot find symbol
  symbol:   method createItem(org.bukkit.Material,int,java.lang.String)
  location: class dev.ace.virtualkit.gui.GUI
[ERROR] /C:/Users/joeal/Downloads/VirtualKits/src/main/java/dev/ace/virtualkit/gui/GUI.java:[229,34] cannot find symbol
  symbol:   method createItem(org.bukkit.Material,int,java.lang.String)
  location: class dev.ace.virtualkit.gui.GUI
[ERROR] /C:/Users/joeal/Downloads/VirtualKits/src/main/java/dev/ace/virtualkit/gui/GUI.java:[232,26] cannot find symbol
  symbol:   method createItem(org.bukkit.Material,int,java.lang.String)
  location: class dev.ace.virtualkit.gui.GUI
[ERROR] /C:/Users/joeal/Downloads/VirtualKits/src/main/java/dev/ace/virtualkit/gui/GUI.java:[245,30] cannot find symbol
  symbol:   method createItem(org.bukkit.Material,int,java.lang.String,clearKitLo[...]g[0]))
  location: class dev.ace.virtualkit.gui.GUI
[ERROR] /C:/Users/joeal/Downloads/VirtualKits/src/main/java/dev/ace/virtualkit/gui/GUI.java:[275,26] cannot find symbol
  symbol:   method createItem(org.bukkit.Material,int,java.lang.String)
  location: class dev.ace.virtualkit.gui.GUI
[ERROR] /C:/Users/joeal/Downloads/VirtualKits/src/main/java/dev/ace/virtualkit/gui/GUI.java:[288,30] cannot find symbol
  symbol:   method createItem(org.bukkit.Material,int,java.lang.String,clearEcLor[...]g[0]))
  location: class dev.ace.virtualkit.gui.GUI
[ERROR] /C:/Users/joeal/Downloads/VirtualKits/src/main/java/dev/ace/virtualkit/gui/GUI.java:[302,37] cannot find symbol
  symbol:   method createGlassPane()
  location: class dev.ace.virtualkit.gui.GUI
[ERROR] /C:/Users/joeal/Downloads/VirtualKits/src/main/java/dev/ace/virtualkit/gui/GUI.java:[308,37] cannot find symbol
  symbol:   method createItem(org.bukkit.Material,int,java.lang.String,kitSlotLor[...]g[0]))
  location: class dev.ace.virtualkit.gui.GUI
[ERROR] /C:/Users/joeal/Downloads/VirtualKits/src/main/java/dev/ace/virtualkit/gui/GUI.java:[323,34] cannot find symbol
  symbol:   method createItem(org.bukkit.Material,int,java.lang.String,ecSlotLore[...]g[0]))
  location: class dev.ace.virtualkit.gui.GUI
[ERROR] /C:/Users/joeal/Downloads/VirtualKits/src/main/java/dev/ace/virtualkit/gui/GUI.java:[330,34] cannot find symbol
  symbol:   method createItem(org.bukkit.Material,int,java.lang.String,ecCreateLo[...]g[0]))
  location: class dev.ace.virtualkit.gui.GUI
[ERROR] /C:/Users/joeal/Downloads/VirtualKits/src/main/java/dev/ace/virtualkit/gui/GUI.java:[345,34] cannot find symbol
  symbol:   method createItem(org.bukkit.Material,int,java.lang.String,kitExistsL[...]g[0]))
  location: class dev.ace.virtualkit.gui.GUI
[ERROR] /C:/Users/joeal/Downloads/VirtualKits/src/main/java/dev/ace/virtualkit/gui/GUI.java:[350,34] cannot find symbol
  symbol:   method createItem(org.bukkit.Material,int,java.lang.String,kitNotFoun[...]g[0]))
  location: class dev.ace.virtualkit.gui.GUI
[ERROR] /C:/Users/joeal/Downloads/VirtualKits/src/main/java/dev/ace/virtualkit/gui/GUI.java:[359,37] cannot find symbol
  symbol:   method createGlassPane()
  location: class dev.ace.virtualkit.gui.GUI
[ERROR] /C:/Users/joeal/Downloads/VirtualKits/src/main/java/dev/ace/virtualkit/gui/GUI.java:[364,26] cannot find symbol
  symbol:   method createItem(org.bukkit.Material,int,java.lang.String)
  location: class dev.ace.virtualkit.gui.GUI
[ERROR] /C:/Users/joeal/Downloads/VirtualKits/src/main/java/dev/ace/virtualkit/gui/GUI.java:[366,17] cannot find symbol
  symbol:   method createItem(org.bukkit.Material,int,java.lang.String)
  location: class dev.ace.virtualkit.gui.GUI
[ERROR] /C:/Users/joeal/Downloads/VirtualKits/src/main/java/dev/ace/virtualkit/gui/GUI.java:[369,34] cannot find symbol
  symbol:   method createItem(org.bukkit.Material,int,java.lang.String,infoLore.i[...]g[0]))
  location: class dev.ace.virtualkit.gui.GUI
[ERROR] /C:/Users/joeal/Downloads/VirtualKits/src/main/java/dev/ace/virtualkit/gui/GUI.java:[374,34] cannot find symbol
  symbol:   method createItem(org.bukkit.Material,int,java.lang.String,clearInvLo[...]g[0]))
  location: class dev.ace.virtualkit.gui.GUI
[ERROR] /C:/Users/joeal/Downloads/VirtualKits/src/main/java/dev/ace/virtualkit/gui/GUI.java:[380,26] cannot find symbol
  symbol:   method createItem(org.bukkit.Material,int,java.lang.String,shareKitsL[...]g[0]))
  location: class dev.ace.virtualkit.gui.GUI
[ERROR] /C:/Users/joeal/Downloads/VirtualKits/src/main/java/dev/ace/virtualkit/gui/GUI.java:[386,26] cannot find symbol
  symbol:   method createItem(org.bukkit.Material,int,java.lang.String)
  location: class dev.ace.virtualkit.gui.GUI
[ERROR] /C:/Users/joeal/Downloads/VirtualKits/src/main/java/dev/ace/virtualkit/gui/GUI.java:[416,26] cannot find symbol
  symbol:   method createItem(org.bukkit.Material,int,java.lang.String)
  location: class dev.ace.virtualkit.gui.GUI
[ERROR] /C:/Users/joeal/Downloads/VirtualKits/src/main/java/dev/ace/virtualkit/gui/GUI.java:[421,30] cannot find symbol
  symbol:   method createItem(org.bukkit.Material,int,java.lang.String)
  location: class dev.ace.virtualkit.gui.GUI
[ERROR] /C:/Users/joeal/Downloads/VirtualKits/src/main/java/dev/ace/virtualkit/gui/GUI.java:[426,30] cannot find symbol
  symbol:   method createItem(org.bukkit.Material,int,java.lang.String,editLore.i[...]g[0]))
  location: class dev.ace.virtualkit.gui.GUI
[ERROR] /C:/Users/joeal/Downloads/VirtualKits/src/main/java/dev/ace/virtualkit/gui/GUI.java:[439,43] cannot find symbol
  symbol:   method createItem(org.bukkit.Material,java.lang.String)
  location: class dev.ace.virtualkit.gui.GUI
[ERROR] /C:/Users/joeal/Downloads/VirtualKits/src/main/java/dev/ace/virtualkit/gui/GUI.java:[479,34] cannot find symbol
  symbol:   method createItem(org.bukkit.Material,int,java.lang.String)
  location: class dev.ace.virtualkit.gui.GUI
[ERROR] /C:/Users/joeal/Downloads/VirtualKits/src/main/java/dev/ace/virtualkit/gui/GUI.java:[480,34] cannot find symbol
  symbol:   method createItem(org.bukkit.Material,int,java.lang.String)
  location: class dev.ace.virtualkit.gui.GUI
[ERROR] /C:/Users/joeal/Downloads/VirtualKits/src/main/java/dev/ace/virtualkit/gui/GUI.java:[481,34] cannot find symbol
  symbol:   method createItem(org.bukkit.Material,int,java.lang.String)
  location: class dev.ace.virtualkit.gui.GUI
[ERROR] /C:/Users/joeal/Downloads/VirtualKits/src/main/java/dev/ace/virtualkit/gui/GUI.java:[482,34] cannot find symbol
  symbol:   method createItem(org.bukkit.Material,int,java.lang.String)
  location: class dev.ace.virtualkit.gui.GUI
[ERROR] /C:/Users/joeal/Downloads/VirtualKits/src/main/java/dev/ace/virtualkit/gui/GUI.java:[483,34] cannot find symbol
  symbol:   method createItem(org.bukkit.Material,int,java.lang.String)
  location: class dev.ace.virtualkit.gui.GUI
[ERROR] /C:/Users/joeal/Downloads/VirtualKits/src/main/java/dev/ace/virtualkit/gui/GUI.java:[486,26] cannot find symbol
  symbol:   method createItem(org.bukkit.Material,int,java.lang.String)
  location: class dev.ace.virtualkit.gui.GUI
[INFO] 100 errors 
[INFO] -------------------------------------------------------------
[INFO] ------------------------------------------------------------------------
[INFO] BUILD FAILURE
[INFO] ------------------------------------------------------------------------
[INFO] Total time:  2.490 s
[INFO] Finished at: 2026-01-06T10:36:00+05:30
[INFO] ------------------------------------------------------------------------
[ERROR] Failed to execute goal org.apache.maven.plugins:maven-compiler-plugin:3.13.0:compile (default-compile) on project VirtualKit: Compilation failure: Compilation failure: 
[ERROR] /C:/Users/joeal/Downloads/VirtualKits/src/main/java/dev/ace/virtualkit/commands/PerPlayerKitCommand.java:[33,8] class VirtualKitsCommand is public, should be declared in a file named VirtualKitsCommand.java
[ERROR] /C:/Users/joeal/Downloads/VirtualKits/src/main/java/dev/ace/virtualkit/commands/InspectEcCommand.java:[43,44] package dev.noah.VirtualKits.commands does not exist
[ERROR] /C:/Users/joeal/Downloads/VirtualKits/src/main/java/dev/ace/virtualkit/commands/InspectKitCommand.java:[43,44] package dev.noah.VirtualKits.commands does not exist
[ERROR] /C:/Users/joeal/Downloads/VirtualKits/src/main/java/dev/ace/virtualkit/gui/GUI.java:[43,39] package dev.noah.VirtualKits.gui does not exist
[ERROR] /C:/Users/joeal/Downloads/VirtualKits/src/main/java/dev/ace/virtualkit/gui/GUI.java:[43,1] static import only from classes and interfaces
[ERROR] /C:/Users/joeal/Downloads/VirtualKits/src/main/java/dev/ace/virtualkit/gui/GUI.java:[44,39] package dev.noah.VirtualKits.gui does not exist
[ERROR] /C:/Users/joeal/Downloads/VirtualKits/src/main/java/dev/ace/virtualkit/gui/GUI.java:[44,1] static import only from classes and interfaces
[ERROR] /C:/Users/joeal/Downloads/VirtualKits/src/main/java/dev/ace/virtualkit/gui/GUI.java:[45,39] package dev.noah.VirtualKits.gui does not exist
[ERROR] /C:/Users/joeal/Downloads/VirtualKits/src/main/java/dev/ace/virtualkit/gui/GUI.java:[45,1] static import only from classes and interfaces
[ERROR] /C:/Users/joeal/Downloads/VirtualKits/src/main/java/dev/ace/virtualkit/commands/InspectEcCommand.java:[56,32] cannot find symbol
[ERROR]   symbol:   variable ERROR_PREFIX
[ERROR]   location: class dev.ace.virtualkit.commands.InspectEcCommand
[ERROR] /C:/Users/joeal/Downloads/VirtualKits/src/main/java/dev/ace/virtualkit/commands/InspectEcCommand.java:[57,21] cannot find symbol
[ERROR]   symbol:   variable mm
[ERROR]   location: class dev.ace.virtualkit.commands.InspectEcCommand
[ERROR] /C:/Users/joeal/Downloads/VirtualKits/src/main/java/dev/ace/virtualkit/commands/InspectEcCommand.java:[63,21] cannot find symbol
[ERROR]   symbol:   variable ERROR_PREFIX
[ERROR]   location: class dev.ace.virtualkit.commands.InspectEcCommand
[ERROR] /C:/Users/joeal/Downloads/VirtualKits/src/main/java/dev/ace/virtualkit/commands/InspectEcCommand.java:[64,29] cannot find symbol
[ERROR]   symbol:   variable mm
[ERROR]   location: class dev.ace.virtualkit.commands.InspectEcCommand
[ERROR] /C:/Users/joeal/Downloads/VirtualKits/src/main/java/dev/ace/virtualkit/commands/InspectEcCommand.java:[70,13] cannot find symbol
[ERROR]   symbol:   method showUsage(org.bukkit.entity.Player,java.lang.String)
[ERROR]   location: class dev.ace.virtualkit.commands.InspectEcCommand
[ERROR] /C:/Users/joeal/Downloads/VirtualKits/src/main/java/dev/ace/virtualkit/commands/InspectEcCommand.java:[78,24] cannot find symbol
[ERROR]   symbol:   variable MIN_SLOT
[ERROR]   location: class dev.ace.virtualkit.commands.InspectEcCommand
[ERROR] /C:/Users/joeal/Downloads/VirtualKits/src/main/java/dev/ace/virtualkit/commands/InspectEcCommand.java:[78,43] cannot find symbol
[ERROR]   symbol:   variable MAX_SLOT
[ERROR]   location: class dev.ace.virtualkit.commands.InspectEcCommand
[ERROR] /C:/Users/joeal/Downloads/VirtualKits/src/main/java/dev/ace/virtualkit/commands/InspectEcCommand.java:[83,21] cannot find symbol
[ERROR]   symbol:   variable ERROR_PREFIX
[ERROR]   location: class dev.ace.virtualkit.commands.InspectEcCommand
[ERROR] /C:/Users/joeal/Downloads/VirtualKits/src/main/java/dev/ace/virtualkit/commands/InspectEcCommand.java:[85,37] cannot find symbol
[ERROR]   symbol:   variable MIN_SLOT
[ERROR]   location: class dev.ace.virtualkit.commands.InspectEcCommand
[ERROR] /C:/Users/joeal/Downloads/VirtualKits/src/main/java/dev/ace/virtualkit/commands/InspectEcCommand.java:[85,58] cannot find symbol
[ERROR]   symbol:   variable MAX_SLOT
[ERROR]   location: class dev.ace.virtualkit.commands.InspectEcCommand
[ERROR] /C:/Users/joeal/Downloads/VirtualKits/src/main/java/dev/ace/virtualkit/commands/InspectEcCommand.java:[84,29] cannot find symbol
[ERROR]   symbol:   variable mm
[ERROR]   location: class dev.ace.virtualkit.commands.InspectEcCommand
[ERROR] /C:/Users/joeal/Downloads/VirtualKits/src/main/java/dev/ace/virtualkit/commands/InspectEcCommand.java:[91,42] cannot find symbol
[ERROR]   symbol:   method resolvePlayerIdentifierAsync(@org.jetbrains.annotations.NotNull java.lang.String)
[ERROR]   location: class dev.ace.virtualkit.commands.InspectEcCommand
[ERROR] /C:/Users/joeal/Downloads/VirtualKits/src/main/java/dev/ace/virtualkit/commands/InspectEcCommand.java:[97,37] cannot find symbol
[ERROR]   symbol:   variable ERROR_PREFIX
[ERROR]   location: class dev.ace.virtualkit.commands.InspectEcCommand
[ERROR] /C:/Users/joeal/Downloads/VirtualKits/src/main/java/dev/ace/virtualkit/commands/InspectEcCommand.java:[98,45] cannot find symbol
[ERROR]   symbol:   variable mm
[ERROR]   location: class dev.ace.virtualkit.commands.InspectEcCommand
[ERROR] /C:/Users/joeal/Downloads/VirtualKits/src/main/java/dev/ace/virtualkit/commands/InspectEcCommand.java:[123,41] cannot find symbol
[ERROR]   symbol:   variable ERROR_PREFIX
[ERROR]   location: class dev.ace.virtualkit.commands.InspectEcCommand
[ERROR] /C:/Users/joeal/Downloads/VirtualKits/src/main/java/dev/ace/virtualkit/commands/InspectEcCommand.java:[124,49] cannot find symbol
[ERROR]   symbol:   variable mm
[ERROR]   location: class dev.ace.virtualkit.commands.InspectEcCommand
[ERROR] /C:/Users/joeal/Downloads/VirtualKits/src/main/java/dev/ace/virtualkit/commands/InspectEcCommand.java:[137,25] cannot find symbol
[ERROR]   symbol:   variable ERROR_PREFIX
[ERROR]   location: class dev.ace.virtualkit.commands.InspectEcCommand
[ERROR] /C:/Users/joeal/Downloads/VirtualKits/src/main/java/dev/ace/virtualkit/commands/InspectEcCommand.java:[138,33] cannot find symbol
[ERROR]   symbol:   variable mm
[ERROR]   location: class dev.ace.virtualkit.commands.InspectEcCommand
[ERROR] /C:/Users/joeal/Downloads/VirtualKits/src/main/java/dev/ace/virtualkit/commands/InspectEcCommand.java:[172,42] cannot find symbol
[ERROR]   symbol:   variable MIN_SLOT
[ERROR]   location: class dev.ace.virtualkit.commands.InspectEcCommand
[ERROR] /C:/Users/joeal/Downloads/VirtualKits/src/main/java/dev/ace/virtualkit/commands/InspectEcCommand.java:[172,52] cannot find symbol
[ERROR]   symbol:   variable MAX_SLOT
[ERROR]   location: class dev.ace.virtualkit.commands.InspectEcCommand
[ERROR] /C:/Users/joeal/Downloads/VirtualKits/src/main/java/dev/ace/virtualkit/commands/InspectKitCommand.java:[56,32] cannot find symbol
[ERROR]   symbol:   variable ERROR_PREFIX
[ERROR]   location: class dev.ace.virtualkit.commands.InspectKitCommand
[ERROR] /C:/Users/joeal/Downloads/VirtualKits/src/main/java/dev/ace/virtualkit/commands/InspectKitCommand.java:[57,21] cannot find symbol
[ERROR]   symbol:   variable mm
[ERROR]   location: class dev.ace.virtualkit.commands.InspectKitCommand
[ERROR] /C:/Users/joeal/Downloads/VirtualKits/src/main/java/dev/ace/virtualkit/commands/InspectKitCommand.java:[63,21] cannot find symbol
[ERROR]   symbol:   variable ERROR_PREFIX
[ERROR]   location: class dev.ace.virtualkit.commands.InspectKitCommand
[ERROR] /C:/Users/joeal/Downloads/VirtualKits/src/main/java/dev/ace/virtualkit/commands/InspectKitCommand.java:[64,29] cannot find symbol
[ERROR]   symbol:   variable mm
[ERROR]   location: class dev.ace.virtualkit.commands.InspectKitCommand
[ERROR] /C:/Users/joeal/Downloads/VirtualKits/src/main/java/dev/ace/virtualkit/commands/InspectKitCommand.java:[70,13] cannot find symbol
[ERROR]   symbol:   method showUsage(org.bukkit.entity.Player,java.lang.String)
[ERROR]   location: class dev.ace.virtualkit.commands.InspectKitCommand
[ERROR] /C:/Users/joeal/Downloads/VirtualKits/src/main/java/dev/ace/virtualkit/commands/InspectKitCommand.java:[78,24] cannot find symbol
[ERROR]   symbol:   variable MIN_SLOT
[ERROR]   location: class dev.ace.virtualkit.commands.InspectKitCommand
[ERROR] /C:/Users/joeal/Downloads/VirtualKits/src/main/java/dev/ace/virtualkit/commands/InspectKitCommand.java:[78,43] cannot find symbol
[ERROR]   symbol:   variable MAX_SLOT
[ERROR]   location: class dev.ace.virtualkit.commands.InspectKitCommand
[ERROR] /C:/Users/joeal/Downloads/VirtualKits/src/main/java/dev/ace/virtualkit/commands/InspectKitCommand.java:[83,21] cannot find symbol
[ERROR]   symbol:   variable ERROR_PREFIX
[ERROR]   location: class dev.ace.virtualkit.commands.InspectKitCommand
[ERROR] /C:/Users/joeal/Downloads/VirtualKits/src/main/java/dev/ace/virtualkit/commands/InspectKitCommand.java:[85,37] cannot find symbol
[ERROR]   symbol:   variable MIN_SLOT
[ERROR]   location: class dev.ace.virtualkit.commands.InspectKitCommand
[ERROR] /C:/Users/joeal/Downloads/VirtualKits/src/main/java/dev/ace/virtualkit/commands/InspectKitCommand.java:[85,58] cannot find symbol
[ERROR]   symbol:   variable MAX_SLOT
[ERROR]   location: class dev.ace.virtualkit.commands.InspectKitCommand
[ERROR] /C:/Users/joeal/Downloads/VirtualKits/src/main/java/dev/ace/virtualkit/commands/InspectKitCommand.java:[84,29] cannot find symbol
[ERROR]   symbol:   variable mm
[ERROR]   location: class dev.ace.virtualkit.commands.InspectKitCommand
[ERROR] /C:/Users/joeal/Downloads/VirtualKits/src/main/java/dev/ace/virtualkit/commands/InspectKitCommand.java:[91,42] cannot find symbol
[ERROR]   symbol:   method resolvePlayerIdentifierAsync(@org.jetbrains.annotations.NotNull java.lang.String)
[ERROR]   location: class dev.ace.virtualkit.commands.InspectKitCommand
[ERROR] /C:/Users/joeal/Downloads/VirtualKits/src/main/java/dev/ace/virtualkit/commands/InspectKitCommand.java:[97,37] cannot find symbol
[ERROR]   symbol:   variable ERROR_PREFIX
[ERROR]   location: class dev.ace.virtualkit.commands.InspectKitCommand
[ERROR] /C:/Users/joeal/Downloads/VirtualKits/src/main/java/dev/ace/virtualkit/commands/InspectKitCommand.java:[98,45] cannot find symbol
[ERROR]   symbol:   variable mm
[ERROR]   location: class dev.ace.virtualkit.commands.InspectKitCommand
[ERROR] /C:/Users/joeal/Downloads/VirtualKits/src/main/java/dev/ace/virtualkit/commands/InspectKitCommand.java:[123,41] cannot find symbol
[ERROR]   symbol:   variable ERROR_PREFIX
[ERROR]   location: class dev.ace.virtualkit.commands.InspectKitCommand
[ERROR] /C:/Users/joeal/Downloads/VirtualKits/src/main/java/dev/ace/virtualkit/commands/InspectKitCommand.java:[124,49] cannot find symbol
[ERROR]   symbol:   variable mm
[ERROR]   location: class dev.ace.virtualkit.commands.InspectKitCommand
[ERROR] /C:/Users/joeal/Downloads/VirtualKits/src/main/java/dev/ace/virtualkit/commands/InspectKitCommand.java:[137,25] cannot find symbol
[ERROR]   symbol:   variable ERROR_PREFIX
[ERROR]   location: class dev.ace.virtualkit.commands.InspectKitCommand
[ERROR] /C:/Users/joeal/Downloads/VirtualKits/src/main/java/dev/ace/virtualkit/commands/InspectKitCommand.java:[138,33] cannot find symbol
[ERROR]   symbol:   variable mm
[ERROR]   location: class dev.ace.virtualkit.commands.InspectKitCommand
[ERROR] /C:/Users/joeal/Downloads/VirtualKits/src/main/java/dev/ace/virtualkit/commands/InspectKitCommand.java:[178,42] cannot find symbol
[ERROR]   symbol:   variable MIN_SLOT
[ERROR]   location: class dev.ace.virtualkit.commands.InspectKitCommand
[ERROR] /C:/Users/joeal/Downloads/VirtualKits/src/main/java/dev/ace/virtualkit/commands/InspectKitCommand.java:[178,52] cannot find symbol
[ERROR]   symbol:   variable MAX_SLOT
[ERROR]   location: class dev.ace.virtualkit.commands.InspectKitCommand
[ERROR] /C:/Users/joeal/Downloads/VirtualKits/src/main/java/dev/ace/virtualkit/gui/GUI.java:[98,34] cannot find symbol
[ERROR]   symbol:   method createItem(org.bukkit.Material,int,java.lang.String)
[ERROR]   location: class dev.ace.virtualkit.gui.GUI
[ERROR] /C:/Users/joeal/Downloads/VirtualKits/src/main/java/dev/ace/virtualkit/gui/GUI.java:[99,34] cannot find symbol
[ERROR]   symbol:   method createItem(org.bukkit.Material,int,java.lang.String)
[ERROR]   location: class dev.ace.virtualkit.gui.GUI
[ERROR] /C:/Users/joeal/Downloads/VirtualKits/src/main/java/dev/ace/virtualkit/gui/GUI.java:[100,34] cannot find symbol
[ERROR]   symbol:   method createItem(org.bukkit.Material,int,java.lang.String)
[ERROR]   location: class dev.ace.virtualkit.gui.GUI
[ERROR] /C:/Users/joeal/Downloads/VirtualKits/src/main/java/dev/ace/virtualkit/gui/GUI.java:[101,34] cannot find symbol
[ERROR]   symbol:   method createItem(org.bukkit.Material,int,java.lang.String)
[ERROR]   location: class dev.ace.virtualkit.gui.GUI
[ERROR] /C:/Users/joeal/Downloads/VirtualKits/src/main/java/dev/ace/virtualkit/gui/GUI.java:[102,34] cannot find symbol
[ERROR]   symbol:   method createItem(org.bukkit.Material,int,java.lang.String)
[ERROR]   location: class dev.ace.virtualkit.gui.GUI
[ERROR] /C:/Users/joeal/Downloads/VirtualKits/src/main/java/dev/ace/virtualkit/gui/GUI.java:[106,26] cannot find symbol
[ERROR]   symbol:   method createItem(org.bukkit.Material,int,java.lang.String,importLore[...]g[0]))
[ERROR]   location: class dev.ace.virtualkit.gui.GUI
[ERROR] /C:/Users/joeal/Downloads/VirtualKits/src/main/java/dev/ace/virtualkit/gui/GUI.java:[112,26] cannot find symbol
[ERROR]   symbol:   method createItem(org.bukkit.Material,int,java.lang.String,clearLore.[...]g[0]))
[ERROR]   location: class dev.ace.virtualkit.gui.GUI
[ERROR] /C:/Users/joeal/Downloads/VirtualKits/src/main/java/dev/ace/virtualkit/gui/GUI.java:[117,26] cannot find symbol
[ERROR]   symbol:   method createItem(org.bukkit.Material,int,java.lang.String)
[ERROR]   location: class dev.ace.virtualkit.gui.GUI
[ERROR] /C:/Users/joeal/Downloads/VirtualKits/src/main/java/dev/ace/virtualkit/gui/GUI.java:[142,34] cannot find symbol
[ERROR]   symbol:   method createItem(org.bukkit.Material,int,java.lang.String)
[ERROR]   location: class dev.ace.virtualkit.gui.GUI
[ERROR] /C:/Users/joeal/Downloads/VirtualKits/src/main/java/dev/ace/virtualkit/gui/GUI.java:[143,34] cannot find symbol
[ERROR]   symbol:   method createItem(org.bukkit.Material,int,java.lang.String)
[ERROR]   location: class dev.ace.virtualkit.gui.GUI
[ERROR] /C:/Users/joeal/Downloads/VirtualKits/src/main/java/dev/ace/virtualkit/gui/GUI.java:[144,34] cannot find symbol
[ERROR]   symbol:   method createItem(org.bukkit.Material,int,java.lang.String)
[ERROR]   location: class dev.ace.virtualkit.gui.GUI
[ERROR] /C:/Users/joeal/Downloads/VirtualKits/src/main/java/dev/ace/virtualkit/gui/GUI.java:[145,34] cannot find symbol
[ERROR]   symbol:   method createItem(org.bukkit.Material,int,java.lang.String)
[ERROR]   location: class dev.ace.virtualkit.gui.GUI
[ERROR] /C:/Users/joeal/Downloads/VirtualKits/src/main/java/dev/ace/virtualkit/gui/GUI.java:[146,34] cannot find symbol
[ERROR]   symbol:   method createItem(org.bukkit.Material,int,java.lang.String)
[ERROR]   location: class dev.ace.virtualkit.gui.GUI
[ERROR] /C:/Users/joeal/Downloads/VirtualKits/src/main/java/dev/ace/virtualkit/gui/GUI.java:[150,26] cannot find symbol
[ERROR]   symbol:   method createItem(org.bukkit.Material,int,java.lang.String,importLore[...]g[0]))
[ERROR]   location: class dev.ace.virtualkit.gui.GUI
[ERROR] /C:/Users/joeal/Downloads/VirtualKits/src/main/java/dev/ace/virtualkit/gui/GUI.java:[156,26] cannot find symbol
[ERROR]   symbol:   method createItem(org.bukkit.Material,int,java.lang.String,clearLore.[...]g[0]))
[ERROR]   location: class dev.ace.virtualkit.gui.GUI
[ERROR] /C:/Users/joeal/Downloads/VirtualKits/src/main/java/dev/ace/virtualkit/gui/GUI.java:[161,26] cannot find symbol
[ERROR]   symbol:   method createItem(org.bukkit.Material,int,java.lang.String)
[ERROR]   location: class dev.ace.virtualkit.gui.GUI
[ERROR] /C:/Users/joeal/Downloads/VirtualKits/src/main/java/dev/ace/virtualkit/gui/GUI.java:[191,26] cannot find symbol
[ERROR]   symbol:   method createItem(org.bukkit.Material,int,java.lang.String,importEcLo[...]g[0]))
[ERROR]   location: class dev.ace.virtualkit.gui.GUI
[ERROR] /C:/Users/joeal/Downloads/VirtualKits/src/main/java/dev/ace/virtualkit/gui/GUI.java:[198,26] cannot find symbol
[ERROR]   symbol:   method createItem(org.bukkit.Material,int,java.lang.String,clearLore.[...]g[0]))
[ERROR]   location: class dev.ace.virtualkit.gui.GUI
[ERROR] /C:/Users/joeal/Downloads/VirtualKits/src/main/java/dev/ace/virtualkit/gui/GUI.java:[203,26] cannot find symbol
[ERROR]   symbol:   method createItem(org.bukkit.Material,int,java.lang.String)
[ERROR]   location: class dev.ace.virtualkit.gui.GUI
[ERROR] /C:/Users/joeal/Downloads/VirtualKits/src/main/java/dev/ace/virtualkit/gui/GUI.java:[225,34] cannot find symbol
[ERROR]   symbol:   method createItem(org.bukkit.Material,int,java.lang.String)
[ERROR]   location: class dev.ace.virtualkit.gui.GUI
[ERROR] /C:/Users/joeal/Downloads/VirtualKits/src/main/java/dev/ace/virtualkit/gui/GUI.java:[226,34] cannot find symbol
[ERROR]   symbol:   method createItem(org.bukkit.Material,int,java.lang.String)
[ERROR]   location: class dev.ace.virtualkit.gui.GUI
[ERROR] /C:/Users/joeal/Downloads/VirtualKits/src/main/java/dev/ace/virtualkit/gui/GUI.java:[227,34] cannot find symbol
[ERROR]   symbol:   method createItem(org.bukkit.Material,int,java.lang.String)
[ERROR]   location: class dev.ace.virtualkit.gui.GUI
[ERROR] /C:/Users/joeal/Downloads/VirtualKits/src/main/java/dev/ace/virtualkit/gui/GUI.java:[228,34] cannot find symbol
[ERROR]   symbol:   method createItem(org.bukkit.Material,int,java.lang.String)
[ERROR]   location: class dev.ace.virtualkit.gui.GUI
[ERROR] /C:/Users/joeal/Downloads/VirtualKits/src/main/java/dev/ace/virtualkit/gui/GUI.java:[229,34] cannot find symbol
[ERROR]   symbol:   method createItem(org.bukkit.Material,int,java.lang.String)
[ERROR]   location: class dev.ace.virtualkit.gui.GUI
[ERROR] /C:/Users/joeal/Downloads/VirtualKits/src/main/java/dev/ace/virtualkit/gui/GUI.java:[232,26] cannot find symbol
[ERROR]   symbol:   method createItem(org.bukkit.Material,int,java.lang.String)
[ERROR]   location: class dev.ace.virtualkit.gui.GUI
[ERROR] /C:/Users/joeal/Downloads/VirtualKits/src/main/java/dev/ace/virtualkit/gui/GUI.java:[245,30] cannot find symbol
[ERROR]   symbol:   method createItem(org.bukkit.Material,int,java.lang.String,clearKitLo[...]g[0]))
[ERROR]   location: class dev.ace.virtualkit.gui.GUI
[ERROR] /C:/Users/joeal/Downloads/VirtualKits/src/main/java/dev/ace/virtualkit/gui/GUI.java:[275,26] cannot find symbol
[ERROR]   symbol:   method createItem(org.bukkit.Material,int,java.lang.String)
[ERROR]   location: class dev.ace.virtualkit.gui.GUI
[ERROR] /C:/Users/joeal/Downloads/VirtualKits/src/main/java/dev/ace/virtualkit/gui/GUI.java:[288,30] cannot find symbol
[ERROR]   symbol:   method createItem(org.bukkit.Material,int,java.lang.String,clearEcLor[...]g[0]))
[ERROR]   location: class dev.ace.virtualkit.gui.GUI
[ERROR] /C:/Users/joeal/Downloads/VirtualKits/src/main/java/dev/ace/virtualkit/gui/GUI.java:[302,37] cannot find symbol
[ERROR]   symbol:   method createGlassPane()
[ERROR]   location: class dev.ace.virtualkit.gui.GUI
[ERROR] /C:/Users/joeal/Downloads/VirtualKits/src/main/java/dev/ace/virtualkit/gui/GUI.java:[308,37] cannot find symbol
[ERROR]   symbol:   method createItem(org.bukkit.Material,int,java.lang.String,kitSlotLor[...]g[0]))
[ERROR]   location: class dev.ace.virtualkit.gui.GUI
[ERROR] /C:/Users/joeal/Downloads/VirtualKits/src/main/java/dev/ace/virtualkit/gui/GUI.java:[323,34] cannot find symbol
[ERROR]   symbol:   method createItem(org.bukkit.Material,int,java.lang.String,ecSlotLore[...]g[0]))
[ERROR]   location: class dev.ace.virtualkit.gui.GUI
[ERROR] /C:/Users/joeal/Downloads/VirtualKits/src/main/java/dev/ace/virtualkit/gui/GUI.java:[330,34] cannot find symbol
[ERROR]   symbol:   method createItem(org.bukkit.Material,int,java.lang.String,ecCreateLo[...]g[0]))
[ERROR]   location: class dev.ace.virtualkit.gui.GUI
[ERROR] /C:/Users/joeal/Downloads/VirtualKits/src/main/java/dev/ace/virtualkit/gui/GUI.java:[345,34] cannot find symbol
[ERROR]   symbol:   method createItem(org.bukkit.Material,int,java.lang.String,kitExistsL[...]g[0]))
[ERROR]   location: class dev.ace.virtualkit.gui.GUI
[ERROR] /C:/Users/joeal/Downloads/VirtualKits/src/main/java/dev/ace/virtualkit/gui/GUI.java:[350,34] cannot find symbol
[ERROR]   symbol:   method createItem(org.bukkit.Material,int,java.lang.String,kitNotFoun[...]g[0]))
[ERROR]   location: class dev.ace.virtualkit.gui.GUI
[ERROR] /C:/Users/joeal/Downloads/VirtualKits/src/main/java/dev/ace/virtualkit/gui/GUI.java:[359,37] cannot find symbol
[ERROR]   symbol:   method createGlassPane()
[ERROR]   location: class dev.ace.virtualkit.gui.GUI
[ERROR] /C:/Users/joeal/Downloads/VirtualKits/src/main/java/dev/ace/virtualkit/gui/GUI.java:[364,26] cannot find symbol
[ERROR]   symbol:   method createItem(org.bukkit.Material,int,java.lang.String)
[ERROR]   location: class dev.ace.virtualkit.gui.GUI
[ERROR] /C:/Users/joeal/Downloads/VirtualKits/src/main/java/dev/ace/virtualkit/gui/GUI.java:[366,17] cannot find symbol
[ERROR]   symbol:   method createItem(org.bukkit.Material,int,java.lang.String)
[ERROR]   location: class dev.ace.virtualkit.gui.GUI
[ERROR] /C:/Users/joeal/Downloads/VirtualKits/src/main/java/dev/ace/virtualkit/gui/GUI.java:[369,34] cannot find symbol
[ERROR]   symbol:   method createItem(org.bukkit.Material,int,java.lang.String,infoLore.i[...]g[0]))
[ERROR]   location: class dev.ace.virtualkit.gui.GUI
[ERROR] /C:/Users/joeal/Downloads/VirtualKits/src/main/java/dev/ace/virtualkit/gui/GUI.java:[374,34] cannot find symbol
[ERROR]   symbol:   method createItem(org.bukkit.Material,int,java.lang.String,clearInvLo[...]g[0]))
[ERROR]   location: class dev.ace.virtualkit.gui.GUI
[ERROR] /C:/Users/joeal/Downloads/VirtualKits/src/main/java/dev/ace/virtualkit/gui/GUI.java:[380,26] cannot find symbol
[ERROR]   symbol:   method createItem(org.bukkit.Material,int,java.lang.String,shareKitsL[...]g[0]))
[ERROR]   location: class dev.ace.virtualkit.gui.GUI
[ERROR] /C:/Users/joeal/Downloads/VirtualKits/src/main/java/dev/ace/virtualkit/gui/GUI.java:[386,26] cannot find symbol
[ERROR]   symbol:   method createItem(org.bukkit.Material,int,java.lang.String)
[ERROR]   location: class dev.ace.virtualkit.gui.GUI
[ERROR] /C:/Users/joeal/Downloads/VirtualKits/src/main/java/dev/ace/virtualkit/gui/GUI.java:[416,26] cannot find symbol
[ERROR]   symbol:   method createItem(org.bukkit.Material,int,java.lang.String)
[ERROR]   location: class dev.ace.virtualkit.gui.GUI
[ERROR] /C:/Users/joeal/Downloads/VirtualKits/src/main/java/dev/ace/virtualkit/gui/GUI.java:[421,30] cannot find symbol
[ERROR]   symbol:   method createItem(org.bukkit.Material,int,java.lang.String)
[ERROR]   location: class dev.ace.virtualkit.gui.GUI
[ERROR] /C:/Users/joeal/Downloads/VirtualKits/src/main/java/dev/ace/virtualkit/gui/GUI.java:[426,30] cannot find symbol
[ERROR]   symbol:   method createItem(org.bukkit.Material,int,java.lang.String,editLore.i[...]g[0]))
[ERROR]   location: class dev.ace.virtualkit.gui.GUI
[ERROR] /C:/Users/joeal/Downloads/VirtualKits/src/main/java/dev/ace/virtualkit/gui/GUI.java:[439,43] cannot find symbol
[ERROR]   symbol:   method createItem(org.bukkit.Material,java.lang.String)
[ERROR]   location: class dev.ace.virtualkit.gui.GUI
[ERROR] /C:/Users/joeal/Downloads/VirtualKits/src/main/java/dev/ace/virtualkit/gui/GUI.java:[479,34] cannot find symbol
[ERROR]   symbol:   method createItem(org.bukkit.Material,int,java.lang.String)
[ERROR]   location: class dev.ace.virtualkit.gui.GUI
[ERROR] /C:/Users/joeal/Downloads/VirtualKits/src/main/java/dev/ace/virtualkit/gui/GUI.java:[480,34] cannot find symbol
[ERROR]   symbol:   method createItem(org.bukkit.Material,int,java.lang.String)
[ERROR]   location: class dev.ace.virtualkit.gui.GUI
[ERROR] /C:/Users/joeal/Downloads/VirtualKits/src/main/java/dev/ace/virtualkit/gui/GUI.java:[481,34] cannot find symbol
[ERROR]   symbol:   method createItem(org.bukkit.Material,int,java.lang.String)
[ERROR]   location: class dev.ace.virtualkit.gui.GUI
[ERROR] /C:/Users/joeal/Downloads/VirtualKits/src/main/java/dev/ace/virtualkit/gui/GUI.java:[482,34] cannot find symbol
[ERROR]   symbol:   method createItem(org.bukkit.Material,int,java.lang.String)
[ERROR]   location: class dev.ace.virtualkit.gui.GUI
[ERROR] /C:/Users/joeal/Downloads/VirtualKits/src/main/java/dev/ace/virtualkit/gui/GUI.java:[483,34] cannot find symbol
[ERROR]   symbol:   method createItem(org.bukkit.Material,int,java.lang.String)
[ERROR]   location: class dev.ace.virtualkit.gui.GUI
[ERROR] /C:/Users/joeal/Downloads/VirtualKits/src/main/java/dev/ace/virtualkit/gui/GUI.java:[486,26] cannot find symbol
[ERROR]   symbol:   method createItem(org.bukkit.Material,int,java.lang.String)
[ERROR]   location: class dev.ace.virtualkit.gui.GUI
[ERROR] -> [Help 1]
[ERROR] 
[ERROR] To see the full stack trace of the errors, re-run Maven with the -e switch.
[ERROR] Re-run Maven using the -X switch to enable full debug logging.
[ERROR] 
[ERROR] For more information about the errors and possible solutions, please read the following articles:
[ERROR] [Help 1] http://cwiki.apache.org/confluence/display/MAVEN/MojoFailureException
